MPLINK 5.09, LINKER
Linker Map File - Created Mon Feb 18 16:23:10 2019

                                 Section Info
                  Section       Type    Address   Location Size(Bytes)
                ---------  ---------  ---------  ---------  ---------
                   .org_0       code   0x000000    program   0x000004
                   .cinit    romdata   0x000004    program   0x000002
         memory_interface       code   0x000006    program   0x0000c0
                   .org_1       code   0x000100    program   0x00004c
                      LCD       code   0x00014c    program   0x00014a
                   finger       code   0x000296    program   0x00004c
.config_300000_BUILD/DEFAULT/PRODUCTION/CONFIG.    romdata   0x300000    program   0x000001
.config_300001_BUILD/DEFAULT/PRODUCTION/CONFIG.    romdata   0x300001    program   0x000001
.config_300002_BUILD/DEFAULT/PRODUCTION/CONFIG.    romdata   0x300002    program   0x000001
.config_300003_BUILD/DEFAULT/PRODUCTION/CONFIG.    romdata   0x300003    program   0x000001
.config_300004_BUILD/DEFAULT/PRODUCTION/CONFIG.    romdata   0x300004    program   0x000001
.config_300005_BUILD/DEFAULT/PRODUCTION/CONFIG.    romdata   0x300005    program   0x000001
.config_300006_BUILD/DEFAULT/PRODUCTION/CONFIG.    romdata   0x300006    program   0x000001
.config_300008_BUILD/DEFAULT/PRODUCTION/CONFIG.    romdata   0x300008    program   0x000001
.config_300009_BUILD/DEFAULT/PRODUCTION/CONFIG.    romdata   0x300009    program   0x000001
.config_30000A_BUILD/DEFAULT/PRODUCTION/CONFIG.    romdata   0x30000a    program   0x000001
.config_30000B_BUILD/DEFAULT/PRODUCTION/CONFIG.    romdata   0x30000b    program   0x000001
.config_30000C_BUILD/DEFAULT/PRODUCTION/CONFIG.    romdata   0x30000c    program   0x000001
.config_30000D_BUILD/DEFAULT/PRODUCTION/CONFIG.    romdata   0x30000d    program   0x000001
                     acs0      udata   0x000000       data   0x00000c
                  acs_ovr      udata   0x00000c       data   0x000001



                              Program Memory Usage 
                               Start         End      
                           ---------   ---------      
                            0x000000    0x0000c5      
                            0x000100    0x0002e1      
                            0x300000    0x300006      
                            0x300008    0x30000d      
            693 out of 132120 program addresses used, program memory utilization is 0%



                              Symbols - Sorted by Name
                     Name    Address   Location    Storage File                     
                ---------  ---------  ---------  --------- ---------                
         LCD_Clear_Screen   0x00027a    program     extern C:\Users\mik216\MPLABXProjects\Sec_dict.X\LCD.asm
               LCD_Enable   0x00022a    program     static C:\Users\mik216\MPLABXProjects\Sec_dict.X\LCD.asm
              LCD_Hex_Nib   0x0001ac    program     static C:\Users\mik216\MPLABXProjects\Sec_dict.X\LCD.asm
         LCD_Loop_message   0x0001c2    program     static C:\Users\mik216\MPLABXProjects\Sec_dict.X\LCD.asm
     LCD_Loop_message_new   0x0001d4    program     static C:\Users\mik216\MPLABXProjects\Sec_dict.X\LCD.asm
          LCD_Second_Line   0x000288    program     extern C:\Users\mik216\MPLABXProjects\Sec_dict.X\LCD.asm
          LCD_Send_Byte_D   0x000208    program     extern C:\Users\mik216\MPLABXProjects\Sec_dict.X\LCD.asm
          LCD_Send_Byte_I   0x0001ec    program     static C:\Users\mik216\MPLABXProjects\Sec_dict.X\LCD.asm
                LCD_Setup   0x00014c    program     extern C:\Users\mik216\MPLABXProjects\Sec_dict.X\LCD.asm
            LCD_Write_Hex   0x0001a2    program     extern C:\Users\mik216\MPLABXProjects\Sec_dict.X\LCD.asm
        LCD_Write_Message   0x0001c0    program     extern C:\Users\mik216\MPLABXProjects\Sec_dict.X\LCD.asm
    LCD_Write_Message_new   0x0001ce    program     extern C:\Users\mik216\MPLABXProjects\Sec_dict.X\LCD.asm
                LCD_delay   0x000270    program     static C:\Users\mik216\MPLABXProjects\Sec_dict.X\LCD.asm
             LCD_delay_ms   0x00024e    program     extern C:\Users\mik216\MPLABXProjects\Sec_dict.X\LCD.asm
           LCD_delay_x4us   0x00025c    program     static C:\Users\mik216\MPLABXProjects\Sec_dict.X\LCD.asm
           LCD_second_new   0x0001e6    program     static C:\Users\mik216\MPLABXProjects\Sec_dict.X\LCD.asm
           SPI_MasterInit   0x00008e    program     extern C:\Users\mik216\MPLABXProjects\Sec_dict.X\external_memoy.asm
           SPI_MasterInit   0x0002c6    program     static C:\Users\mik216\MPLABXProjects\Sec_dict.X\finger.asm
        SPI_MasterReceive   0x0000a6    program     extern C:\Users\mik216\MPLABXProjects\Sec_dict.X\external_memoy.asm
       SPI_MasterTransmit   0x00009c    program     extern C:\Users\mik216\MPLABXProjects\Sec_dict.X\external_memoy.asm
       SPI_MasterTransmit   0x0002d2    program     static C:\Users\mik216\MPLABXProjects\Sec_dict.X\finger.asm
            Wait_Transmit   0x0002d4    program     static C:\Users\mik216\MPLABXProjects\Sec_dict.X\finger.asm
            Wait_Transmit   0x00009e    program     static C:\Users\mik216\MPLABXProjects\Sec_dict.X\external_memoy.asm
                Wait_read   0x0000aa    program     static C:\Users\mik216\MPLABXProjects\Sec_dict.X\external_memoy.asm
                big_delay   0x000144    program     static C:\Users\mik216\MPLABXProjects\Sec_dict.X\Simple1.asm
            byte_reversal   0x000296    program     extern C:\Users\mik216\MPLABXProjects\Sec_dict.X\finger.asm
                    clock   0x0002dc    program     static C:\Users\mik216\MPLABXProjects\Sec_dict.X\finger.asm
                     end1   0x00014c    program     static C:\Users\mik216\MPLABXProjects\Sec_dict.X\Simple1.asm
                     end1   0x0002e2    program     static C:\Users\mik216\MPLABXProjects\Sec_dict.X\finger.asm
              init_chip_s   0x000006    program     extern C:\Users\mik216\MPLABXProjects\Sec_dict.X\external_memoy.asm
                   lcdlp1   0x000272    program     static C:\Users\mik216\MPLABXProjects\Sec_dict.X\LCD.asm
                   lcdlp2   0x000250    program     static C:\Users\mik216\MPLABXProjects\Sec_dict.X\LCD.asm
                     loop   0x0002b8    program     static C:\Users\mik216\MPLABXProjects\Sec_dict.X\finger.asm
                     read   0x000124    program     static C:\Users\mik216\MPLABXProjects\Sec_dict.X\Simple1.asm
                    read2   0x00012c    program     static C:\Users\mik216\MPLABXProjects\Sec_dict.X\Simple1.asm
            read_sequence   0x000088    program     extern C:\Users\mik216\MPLABXProjects\Sec_dict.X\external_memoy.asm
       read_sequence_init   0x000062    program     extern C:\Users\mik216\MPLABXProjects\Sec_dict.X\external_memoy.asm
            reset_counter   0x0000c0    program     static C:\Users\mik216\MPLABXProjects\Sec_dict.X\external_memoy.asm
                reversing   0x0002aa    program     static C:\Users\mik216\MPLABXProjects\Sec_dict.X\finger.asm
              set_cs_high   0x00001a    program     extern C:\Users\mik216\MPLABXProjects\Sec_dict.X\external_memoy.asm
                    start   0x000100    program     static C:\Users\mik216\MPLABXProjects\Sec_dict.X\Simple1.asm
                    write   0x000114    program     static C:\Users\mik216\MPLABXProjects\Sec_dict.X\Simple1.asm
           write_sequence   0x000054    program     extern C:\Users\mik216\MPLABXProjects\Sec_dict.X\external_memoy.asm
      write_sequence_init   0x000020    program     extern C:\Users\mik216\MPLABXProjects\Sec_dict.X\external_memoy.asm
                LCD_cnt_h   0x000005       data     static C:\Users\mik216\MPLABXProjects\Sec_dict.X\LCD.asm
                LCD_cnt_l   0x000004       data     static C:\Users\mik216\MPLABXProjects\Sec_dict.X\LCD.asm
               LCD_cnt_ms   0x000006       data     static C:\Users\mik216\MPLABXProjects\Sec_dict.X\LCD.asm
              LCD_counter   0x000008       data     static C:\Users\mik216\MPLABXProjects\Sec_dict.X\LCD.asm
             LCD_counter1   0x000009       data     static C:\Users\mik216\MPLABXProjects\Sec_dict.X\LCD.asm
              LCD_hex_tmp   0x00000c       data     static C:\Users\mik216\MPLABXProjects\Sec_dict.X\LCD.asm
                  LCD_tmp   0x000007       data     static C:\Users\mik216\MPLABXProjects\Sec_dict.X\LCD.asm
            address_count   0x00000b       data     extern C:\Users\mik216\MPLABXProjects\Sec_dict.X\external_memoy.asm
             byte_counter   0x000002       data     static C:\Users\mik216\MPLABXProjects\Sec_dict.X\finger.asm
          byte_to_reverse   0x000000       data     static C:\Users\mik216\MPLABXProjects\Sec_dict.X\finger.asm
                  counter   0x00000a       data     extern C:\Users\mik216\MPLABXProjects\Sec_dict.X\external_memoy.asm
              delay_count   0x000003       data     static C:\Users\mik216\MPLABXProjects\Sec_dict.X\Simple1.asm
            reversed_byte   0x000001       data     static C:\Users\mik216\MPLABXProjects\Sec_dict.X\finger.asm



                              Symbols - Sorted by Address
                     Name    Address   Location    Storage File                     
                ---------  ---------  ---------  --------- ---------                
              init_chip_s   0x000006    program     extern C:\Users\mik216\MPLABXProjects\Sec_dict.X\external_memoy.asm
              set_cs_high   0x00001a    program     extern C:\Users\mik216\MPLABXProjects\Sec_dict.X\external_memoy.asm
      write_sequence_init   0x000020    program     extern C:\Users\mik216\MPLABXProjects\Sec_dict.X\external_memoy.asm
           write_sequence   0x000054    program     extern C:\Users\mik216\MPLABXProjects\Sec_dict.X\external_memoy.asm
       read_sequence_init   0x000062    program     extern C:\Users\mik216\MPLABXProjects\Sec_dict.X\external_memoy.asm
            read_sequence   0x000088    program     extern C:\Users\mik216\MPLABXProjects\Sec_dict.X\external_memoy.asm
           SPI_MasterInit   0x00008e    program     extern C:\Users\mik216\MPLABXProjects\Sec_dict.X\external_memoy.asm
       SPI_MasterTransmit   0x00009c    program     extern C:\Users\mik216\MPLABXProjects\Sec_dict.X\external_memoy.asm
            Wait_Transmit   0x00009e    program     static C:\Users\mik216\MPLABXProjects\Sec_dict.X\external_memoy.asm
        SPI_MasterReceive   0x0000a6    program     extern C:\Users\mik216\MPLABXProjects\Sec_dict.X\external_memoy.asm
                Wait_read   0x0000aa    program     static C:\Users\mik216\MPLABXProjects\Sec_dict.X\external_memoy.asm
            reset_counter   0x0000c0    program     static C:\Users\mik216\MPLABXProjects\Sec_dict.X\external_memoy.asm
                    start   0x000100    program     static C:\Users\mik216\MPLABXProjects\Sec_dict.X\Simple1.asm
                    write   0x000114    program     static C:\Users\mik216\MPLABXProjects\Sec_dict.X\Simple1.asm
                     read   0x000124    program     static C:\Users\mik216\MPLABXProjects\Sec_dict.X\Simple1.asm
                    read2   0x00012c    program     static C:\Users\mik216\MPLABXProjects\Sec_dict.X\Simple1.asm
                big_delay   0x000144    program     static C:\Users\mik216\MPLABXProjects\Sec_dict.X\Simple1.asm
                     end1   0x00014c    program     static C:\Users\mik216\MPLABXProjects\Sec_dict.X\Simple1.asm
                LCD_Setup   0x00014c    program     extern C:\Users\mik216\MPLABXProjects\Sec_dict.X\LCD.asm
            LCD_Write_Hex   0x0001a2    program     extern C:\Users\mik216\MPLABXProjects\Sec_dict.X\LCD.asm
              LCD_Hex_Nib   0x0001ac    program     static C:\Users\mik216\MPLABXProjects\Sec_dict.X\LCD.asm
        LCD_Write_Message   0x0001c0    program     extern C:\Users\mik216\MPLABXProjects\Sec_dict.X\LCD.asm
         LCD_Loop_message   0x0001c2    program     static C:\Users\mik216\MPLABXProjects\Sec_dict.X\LCD.asm
    LCD_Write_Message_new   0x0001ce    program     extern C:\Users\mik216\MPLABXProjects\Sec_dict.X\LCD.asm
     LCD_Loop_message_new   0x0001d4    program     static C:\Users\mik216\MPLABXProjects\Sec_dict.X\LCD.asm
           LCD_second_new   0x0001e6    program     static C:\Users\mik216\MPLABXProjects\Sec_dict.X\LCD.asm
          LCD_Send_Byte_I   0x0001ec    program     static C:\Users\mik216\MPLABXProjects\Sec_dict.X\LCD.asm
          LCD_Send_Byte_D   0x000208    program     extern C:\Users\mik216\MPLABXProjects\Sec_dict.X\LCD.asm
               LCD_Enable   0x00022a    program     static C:\Users\mik216\MPLABXProjects\Sec_dict.X\LCD.asm
             LCD_delay_ms   0x00024e    program     extern C:\Users\mik216\MPLABXProjects\Sec_dict.X\LCD.asm
                   lcdlp2   0x000250    program     static C:\Users\mik216\MPLABXProjects\Sec_dict.X\LCD.asm
           LCD_delay_x4us   0x00025c    program     static C:\Users\mik216\MPLABXProjects\Sec_dict.X\LCD.asm
                LCD_delay   0x000270    program     static C:\Users\mik216\MPLABXProjects\Sec_dict.X\LCD.asm
                   lcdlp1   0x000272    program     static C:\Users\mik216\MPLABXProjects\Sec_dict.X\LCD.asm
         LCD_Clear_Screen   0x00027a    program     extern C:\Users\mik216\MPLABXProjects\Sec_dict.X\LCD.asm
          LCD_Second_Line   0x000288    program     extern C:\Users\mik216\MPLABXProjects\Sec_dict.X\LCD.asm
            byte_reversal   0x000296    program     extern C:\Users\mik216\MPLABXProjects\Sec_dict.X\finger.asm
                reversing   0x0002aa    program     static C:\Users\mik216\MPLABXProjects\Sec_dict.X\finger.asm
                     loop   0x0002b8    program     static C:\Users\mik216\MPLABXProjects\Sec_dict.X\finger.asm
           SPI_MasterInit   0x0002c6    program     static C:\Users\mik216\MPLABXProjects\Sec_dict.X\finger.asm
       SPI_MasterTransmit   0x0002d2    program     static C:\Users\mik216\MPLABXProjects\Sec_dict.X\finger.asm
            Wait_Transmit   0x0002d4    program     static C:\Users\mik216\MPLABXProjects\Sec_dict.X\finger.asm
                    clock   0x0002dc    program     static C:\Users\mik216\MPLABXProjects\Sec_dict.X\finger.asm
                     end1   0x0002e2    program     static C:\Users\mik216\MPLABXProjects\Sec_dict.X\finger.asm
          byte_to_reverse   0x000000       data     static C:\Users\mik216\MPLABXProjects\Sec_dict.X\finger.asm
            reversed_byte   0x000001       data     static C:\Users\mik216\MPLABXProjects\Sec_dict.X\finger.asm
             byte_counter   0x000002       data     static C:\Users\mik216\MPLABXProjects\Sec_dict.X\finger.asm
              delay_count   0x000003       data     static C:\Users\mik216\MPLABXProjects\Sec_dict.X\Simple1.asm
                LCD_cnt_l   0x000004       data     static C:\Users\mik216\MPLABXProjects\Sec_dict.X\LCD.asm
                LCD_cnt_h   0x000005       data     static C:\Users\mik216\MPLABXProjects\Sec_dict.X\LCD.asm
               LCD_cnt_ms   0x000006       data     static C:\Users\mik216\MPLABXProjects\Sec_dict.X\LCD.asm
                  LCD_tmp   0x000007       data     static C:\Users\mik216\MPLABXProjects\Sec_dict.X\LCD.asm
              LCD_counter   0x000008       data     static C:\Users\mik216\MPLABXProjects\Sec_dict.X\LCD.asm
             LCD_counter1   0x000009       data     static C:\Users\mik216\MPLABXProjects\Sec_dict.X\LCD.asm
                  counter   0x00000a       data     extern C:\Users\mik216\MPLABXProjects\Sec_dict.X\external_memoy.asm
            address_count   0x00000b       data     extern C:\Users\mik216\MPLABXProjects\Sec_dict.X\external_memoy.asm
              LCD_hex_tmp   0x00000c       data     static C:\Users\mik216\MPLABXProjects\Sec_dict.X\LCD.asm


